Starting a Gradle Daemon (subsequent builds will be faster)
> Task :app:preBuild UP-TO-DATE
> Task :app:preReleaseBuild UP-TO-DATE
> Task :app:mergeReleaseJniLibFolders
> Task :app:mergeReleaseNativeLibs NO-SOURCE
> Task :app:stripReleaseDebugSymbols NO-SOURCE
> Task :app:extractReleaseNativeSymbolTables NO-SOURCE
> Task :app:mergeReleaseNativeDebugMetadata NO-SOURCE
> Task :app:checkReleaseDuplicateClasses
> Task :app:javaPreCompileRelease
> Task :app:checkReleaseAarMetadata
> Task :app:processReleaseNavigationResources
> Task :app:generateReleaseResValues
> Task :app:compileReleaseNavigationResources
> Task :app:mapReleaseSourceSetPaths
> Task :app:generateReleaseResources
> Task :app:packageReleaseResources
> Task :app:mergeReleaseResources
> Task :app:createReleaseCompatibleScreenManifests
> Task :app:extractDeepLinksRelease
> Task :app:processReleaseMainManifest
> Task :app:parseReleaseLocalResources
> Task :app:processReleaseManifest
> Task :app:desugarReleaseFileDependencies
> Task :app:mergeReleaseStartupProfile
> Task :app:processReleaseManifestForPackage
> Task :app:mergeExtDexRelease
> Task :app:mergeReleaseArtProfile
> Task :app:mergeReleaseShaders
> Task :app:compileReleaseShaders NO-SOURCE
> Task :app:generateReleaseAssets UP-TO-DATE
> Task :app:mergeReleaseAssets
> Task :app:compressReleaseAssets
> Task :app:extractReleaseVersionControlInfo
> Task :app:extractProguardFiles
> Task :app:processReleaseJavaRes NO-SOURCE
> Task :app:processReleaseResources
> Task :app:collectReleaseDependencies
> Task :app:mergeReleaseJavaResource

> Task :app:compileReleaseJavaWithJavac
Note: Some input files use or override a deprecated API.
Note: Recompile with -Xlint:deprecation for details.

> Task :app:dexBuilderRelease
> Task :app:mergeReleaseGlobalSynthetics
> Task :app:mergeDexRelease
> Task :app:generateReleaseLintVitalReportModel
> Task :app:compileReleaseArtProfile
> Task :app:sdkReleaseDependencyData
> Task :app:validateSigningRelease
> Task :app:writeReleaseAppMetadata
> Task :app:writeReleaseSigningConfigVersions
> Task :app:optimizeReleaseResources
> Task :app:lintVitalAnalyzeRelease
> Task :app:lintVitalReportRelease
> Task :app:lintVitalRelease
> Task :app:packageRelease
> Task :app:createReleaseApkListingFileRedirect
> Task :app:assembleRelease
gradle/actions: Writing build results to /home/runner/work/_temp/.gradle-actions/build-results/buildstep-1787117338248.json

[Incubating] Problems report is available at: file:///home/runner/work/parion-aidat-takip/parion-aidat-takip/build/reports/problems/problems-report.html

BUILD SUCCESSFUL in 48s
45 actionable tasks: 45 executed
Verifies
Verified using v1 scheme (JAR signing): true
Verified using v2 scheme (APK Signature Scheme v2): true
Verified using v3 scheme (APK Signature Scheme v3): false
Verified using v3.1 scheme (APK Signature Scheme v3.1): false
Verified using v4 scheme (APK Signature Scheme v4): false
Verified for SourceStamp: false
Number of signers: 1
Signer #1 certificate DN: CN=Parion Spor, OU=Android, O=Parion Spor Kulubu, L=Canakkale, ST=Canakkale, C=TR
Signer #1 certificate SHA-256 digest: 4fe159df781c603b4141d04656a3dbb903122669160ea63c8713a6c644f28669
Signer #1 certificate SHA-1 digest: 72cee1ff3ac98f5a967401d01e14477262c7f843
Signer #1 certificate MD5 digest: 44c877a43cc5f8ce85bc9c8f63f6698b
Signer #1 key algorithm: RSA
Signer #1 key size (bits): 4096
Signer #1 public key SHA-256 digest: 4e4bb6a25e4403b022f4e3625a2fb6827e74714b6d7ebbd459a5b679242e82e8
Signer #1 public key SHA-1 digest: 2585eb78554cefb1cd8d5ad20e1db99a0dba9f53
Signer #1 public key MD5 digest: b500d5c8efb0ce870ab0587d2afe73b6
WARNING: META-INF/com/android/build/gradle/app-metadata.properties not protected by signature. Unauthorized modifications to this JAR entry will not be detected. Delete or move the entry outside of META-INF/.
WARNING: META-INF/version-control-info.textproto not protected by signature. Unauthorized modifications to this JAR entry will not be detected. Delete or move the entry outside of META-INF/.
